com.akiban.sql.parser.CreateTableNode@603b1d04
name: t1
statementType: CREATE TABLE
lockGranularity: R
existenceCheck: NO_CONDITION
tableElementList: 	
	com.akiban.sql.parser.TableElementList@48ee22f7

	[0]:	
	com.akiban.sql.parser.ConstraintDefinitionNode@a39ab89
	constraintName: null
	constraintType: PRIMARY_KEY
	properties: null
	name: null
	elementType: AT_DROP_CONSTRAINT
	columnList: 		
		com.akiban.sql.parser.ResultColumnList@502cb49d

		[0]:		
		com.akiban.sql.parser.ResultColumn@2705d88a
		exposedName: c1
		name: c1
		tableName: null
		isDefaultColumn: false
		type: null
	[1]:	
	com.akiban.sql.parser.ColumnDefinitionNode@70cb6009
	type: INTEGER UNSIGNED
	name: c1
	elementType: null
	[2]:	
	com.akiban.sql.parser.ColumnDefinitionNode@380e28b9
	type: SMALLINT UNSIGNED
	name: c2
	elementType: null
	[3]:	
	com.akiban.sql.parser.ColumnDefinitionNode@2993a66f
	type: BIGINT UNSIGNED
	name: c3
	elementType: null
	[4]:	
	com.akiban.sql.parser.ColumnDefinitionNode@1c93d6bc
	type: DECIMAL(5,0) UNSIGNED
	name: c4
	elementType: null
	[5]:	
	com.akiban.sql.parser.ColumnDefinitionNode@2df6df4c
	type: DOUBLE UNSIGNED
	name: c5
	elementType: null
	[6]:	
	com.akiban.sql.parser.ColumnDefinitionNode@2abe0e27
	type: DOUBLE UNSIGNED
	name: c6
	elementType: null