com.akiban.sql.parser.UpdateNode@716925b0
statementType: UPDATE
resultSet: 	
	com.akiban.sql.parser.SelectNode@2e297ffb
	isDistinct: false
	resultColumns: 		
		com.akiban.sql.parser.ResultColumnList@26914f6a

		[0]:		
		com.akiban.sql.parser.ResultColumn@df4cbee
		exposedName: name
		name: name
		tableName: null
		isDefaultColumn: false
		type: null
		expression: 			
			com.akiban.sql.parser.CharConstantNode@42787d6a
			value: new
			type: CHAR(3) NOT NULL
		reference: 			
			com.akiban.sql.parser.ColumnReference@7471dc3d
			columnName: name
			tableName: null
			type: null
	fromList: 		
		com.akiban.sql.parser.FromList@5f326484

		[0]:		
		com.akiban.sql.parser.CurrentOfNode@656546ef
		preparedStatement: customer
		correlation Name: null
		null
		cursor: targetTableName: 	
	com.akiban.sql.parser.TableName@600e7c55
	customers