GroupScan_Default(GroupTable(user._akiban_customers -> user.customers) limit NO LIMIT)
