CREATE TABLE T1(PRIMARY KEY(I), I INTEGER, S CHAR(30) NOT NULL, Z VARCHAR(128)) GROUP G1