DELETE FROM T AS T1 WHERE (X IN (1, 2, $1)) AND (EXISTS (SELECT * FROM T AS T2 WHERE (T1.ID <> T2.ID) AND (T1.NAME = T2.NAME)))