SELECT (CASE WHEN ((X = Y) OR (X = Z)) THEN X WHEN (Y = Z) THEN Y ELSE W END) FROM T