SELECT ROW_NUMBER(), (SUM(q) OVER (PARTITION BY c, d)) GROUP BY z WINDOW w AS (ORDER BY r)