com.akiban.sql.parser.CursorNode@1de4f7c2
name: null
updateMode: UNSPECIFIED
statementType: SELECT
resultSet: 	
	com.akiban.sql.parser.SelectNode@2345f0e3
	isDistinct: false
	resultColumns: 		
		com.akiban.sql.parser.ResultColumnList@57d2fc36

		[0]:		
		com.akiban.sql.parser.ResultColumn@5cac6a45
		exposedName: X
		name: X
		tableName: null
		isDefaultColumn: false
		type: null
		expression: 			
			com.akiban.sql.parser.ColumnReference@3b75078b
			columnName: X
			tableName: null
			type: null
			userData: com.akiban.sql.parser.ResultColumn@3ce95a56 from com.akiban.sql.parser.FromSubquery@398825b3
	fromList: 		
		com.akiban.sql.parser.FromList@42552c

		[0]:		
		com.akiban.sql.parser.FromSubquery@398825b3
		correlation Name: V1
		null
		resultColumns: 			
			com.akiban.sql.parser.ResultColumnList@19632847

			[0]:			
			com.akiban.sql.parser.ResultColumn@3ce95a56
			exposedName: X
			name: X
			tableName: null
			isDefaultColumn: false
			type: null
			[1]:			
			com.akiban.sql.parser.ResultColumn@7c29e357
			exposedName: Y
			name: Y
			tableName: null
			isDefaultColumn: false
			type: null
		subquery: 			
			com.akiban.sql.parser.SelectNode@220ca470
			isDistinct: false
			resultColumns: 				
				com.akiban.sql.parser.ResultColumnList@6bffc686

				[0]:				
				com.akiban.sql.parser.ResultColumn@6542bece
				exposedName: Y
				name: Y
				tableName: null
				isDefaultColumn: false
				type: null
				expression: 					
					com.akiban.sql.parser.ColumnReference@fcfa52
					columnName: Y
					tableName: null
					type: null
					userData: t1.y from com.akiban.sql.parser.FromBaseTable@60f47bf5
				[1]:				
				com.akiban.sql.parser.ResultColumn@60961dff
				exposedName: Z
				name: Z
				tableName: null
				isDefaultColumn: false
				type: null
				expression: 					
					com.akiban.sql.parser.ColumnReference@1f8b81e3
					columnName: Z
					tableName: null
					type: null
					userData: t1.z from com.akiban.sql.parser.FromBaseTable@60f47bf5
			fromList: 				
				com.akiban.sql.parser.FromList@7ffc6e42

				[0]:				
				com.akiban.sql.parser.FromBaseTable@15aaf0b3
				tableName: T1
				updateOrDelete: null
				null
				correlation Name: null
				null
				userData: user.t1
			whereClause: 				
				com.akiban.sql.parser.NotNode@9a082e2
				operator: not
				methodName: not
				type: null
				operand: 					
					com.akiban.sql.parser.IsNullNode@8f0c85e
					operator: is null
					methodName: isNullOp
					type: null
					operand: 						
						com.akiban.sql.parser.ColumnReference@77f297e7
						columnName: Y
						tableName: null
						type: null
						userData: t1.y from com.akiban.sql.parser.FromBaseTable@60f47bf5
	whereClause: 		
		com.akiban.sql.parser.BinaryRelationalOperatorNode@2e5bbd6
		operator: >
		methodName: greaterThan
		type: null
		leftOperand: 			
			com.akiban.sql.parser.ColumnReference@388ee016
			columnName: Y
			tableName: null
			type: null
			userData: com.akiban.sql.parser.ResultColumn@7c29e357 from com.akiban.sql.parser.FromSubquery@398825b3
		rightOperand: 			
			com.akiban.sql.parser.CharConstantNode@2c19e15c
			value: foo
			type: CHAR(3) NOT NULL
