com.akiban.sql.parser.AlterTableNode@1a1c1f5
name: t1
statementType: ALTER TABLE
objectName: t1
compressTable: false
sequential: false
truncateTable: false
purge: false
defragment: false
truncateEndOfTable: false
updateStatistics: false
updateStatisticsAll: false
indexNameForUpdateStatistics: null
tableElementList: 	
	com.akiban.sql.parser.TableElementList@22c4bca9

	[0]:	
	com.akiban.sql.parser.ConstraintDefinitionNode@223e0d14
	constraintName: null
	constraintType: DROP
	properties: null
	name: null
	elementType: AT_DROP_CONSTRAINT