com.akiban.sql.parser.AlterTableNode@27aed7c1
name: t1
statementType: ALTER TABLE
objectName: t1
compressTable: false
sequential: false
truncateTable: false
purge: false
defragment: false
truncateEndOfTable: false
updateStatistics: false
updateStatisticsAll: false
indexNameForUpdateStatistics: null
tableElementList: 	
	com.akiban.sql.parser.TableElementList@47d6d441

	[0]:	
	com.akiban.sql.parser.FKConstraintDefinitionNode@69091c3f
	refTable name : t2
	grouping: true
	constraintName: null
	constraintType: FOREIGN_KEY
	properties: null
	name: null
	elementType: AT_DROP_CONSTRAINT
	columnList: 		
		com.akiban.sql.parser.ResultColumnList@75a5555a

		[0]:		
		com.akiban.sql.parser.ResultColumn@3986c40d
		exposedName: c1
		name: c1
		tableName: null
		isDefaultColumn: false
		type: null
		[1]:		
		com.akiban.sql.parser.ResultColumn@3eb14efc
		exposedName: c2
		name: c2
		tableName: null
		isDefaultColumn: false
		type: null