com.akiban.sql.parser.AlterTableNode@3b362ca8
name: netbeans1
statementType: ALTER TABLE
objectName: netbeans1
compressTable: false
sequential: false
truncateTable: false
purge: false
defragment: false
truncateEndOfTable: false
updateStatistics: false
updateStatisticsAll: false
indexNameForUpdateStatistics: null
tableElementList: 	
	com.akiban.sql.parser.TableElementList@61ade7f6

	[0]:	
	com.akiban.sql.parser.AlterDropIndexNode@6057f993
	name: netbeansidx
	elementType: AT_DROP_INDEX
	
	existenceCheck: NO_CONDITION