com.akiban.sql.parser.AlterTableNode@67d374be
name: t1
statementType: ALTER TABLE
objectName: t1
compressTable: false
sequential: false
truncateTable: false
purge: false
defragment: false
truncateEndOfTable: false
updateStatistics: false
updateStatisticsAll: false
indexNameForUpdateStatistics: null
tableElementList: 	
	com.akiban.sql.parser.TableElementList@6b959b32

	[0]:	
	com.akiban.sql.parser.AlterAddIndexNode@2b0026cc
	name: idx2
	elementType: AT_ADD_INDEX
	
	existenceCheck: NO_CONDITION
	unique: true
	indexColumnList: 
	joinType: null
	properties: null
	location: IN_MEMORY