com.akiban.sql.parser.CopyStatementNode@24f9fdc
mode: FROM_TABLE
tableName: t1
filename: null
format: CSV
delimiter: |
nullString: null
quote: null
escape: null
encoding: null
statementType: COPY