com.akiban.sql.parser.CreateTableNode@35c0e45a
name: t1
statementType: CREATE TABLE
lockGranularity: R
tableElementList: 	
	com.akiban.sql.parser.TableElementList@acfec48

	[0]:	
	com.akiban.sql.parser.ConstraintDefinitionNode@58a17083
	constraintName: null
	constraintType: PRIMARY_KEY
	properties: null
	name: null
	elementType: AT_DROP_CONSTRAINT
	columnList: 		
		com.akiban.sql.parser.ResultColumnList@4ca31e1b

		[0]:		
		com.akiban.sql.parser.ResultColumn@690da5eb
		exposedName: col1
		name: col1
		tableName: null
		isDefaultColumn: false
		type: null
	[1]:	
	com.akiban.sql.parser.ColumnDefinitionNode@7f081d2e
	type: INTEGER
	name: col1
	elementType: null