com.akiban.sql.parser.DeclareStatementNode@739e8329
name: pc
statementType: DECLARE
statement: 	
	com.akiban.sql.parser.ExecuteStatementNode@2bb5340c
	name: ps
	statementType: EXECUTE
	parameterList: 		
		com.akiban.sql.parser.ValueNodeList@56c163f