com.akiban.sql.parser.ExecuteStatementNode@788ab708
name: ps
statementType: EXECUTE
parameterList: 	
	com.akiban.sql.parser.ValueNodeList@5af6ac0b