com.akiban.sql.parser.InsertNode@31884174
statementType: INSERT
resultSet: 	
	com.akiban.sql.parser.RowResultSetNode@48cbdb20
	correlation Name: null
	null
	resultColumns: 		
		com.akiban.sql.parser.ResultColumnList@3f9f3736

		[0]:		
		com.akiban.sql.parser.ResultColumn@6de1dadb
		exposedName: null
		name: null
		tableName: null
		isDefaultColumn: true
		type: null
		expression: 			
			com.akiban.sql.parser.DefaultNode@6e79839
			columnName: null
			defaultText: null
			type: null
		[1]:		
		com.akiban.sql.parser.ResultColumn@4ebac9b9
		exposedName: null
		name: null
		tableName: null
		isDefaultColumn: false
		type: null
		expression: 			
			com.akiban.sql.parser.CharConstantNode@4911b910
			value: fred
			type: CHAR(4) NOT NULL
targetTableName: 	
	com.akiban.sql.parser.TableName@e3d
	t1
returningList: 	
	com.akiban.sql.parser.ResultColumnList@2a8ceeea

	[0]:	
	com.akiban.sql.parser.AllResultColumn@a995a79
	tableName: null
	exposedName: null
	name: null
	tableName: null
	isDefaultColumn: false
	type: null