com.akiban.sql.parser.InsertNode@67d225a7
null
statementType: INSERT
resultSet: 	
	com.akiban.sql.parser.SelectNode@15a62c31
	isDistinct: false
	resultColumns: 		
		com.akiban.sql.parser.ResultColumnList@509f5011

		[0]:		
		com.akiban.sql.parser.ResultColumn@b41b571
		exposedName: x
		name: x
		tableName: null
		isDefaultColumn: false
		type: null
		expression: 			
			com.akiban.sql.parser.ColumnReference@6ef137d
			columnName: x
			tableName: null
			type: null
		[1]:		
		com.akiban.sql.parser.ResultColumn@39e87719
		exposedName: y
		name: y
		tableName: null
		isDefaultColumn: false
		type: null
		expression: 			
			com.akiban.sql.parser.ColumnReference@4ce32802
			columnName: y
			tableName: null
			type: null
		[2]:		
		com.akiban.sql.parser.ResultColumn@5557c2bd
		exposedName: z
		name: z
		tableName: null
		isDefaultColumn: false
		type: null
		expression: 			
			com.akiban.sql.parser.ColumnReference@74b23210
			columnName: z
			tableName: null
			type: null
	fromList: 		
		com.akiban.sql.parser.FromList@5ef4f44a

		[0]:		
		com.akiban.sql.parser.FromBaseTable@23d256fa
		tableName: t
		updateOrDelete: null
		null
		correlation Name: null
		null
targetTableName: 	
	com.akiban.sql.parser.TableName@a5d
	t1
targetColumnList: 	
	com.akiban.sql.parser.ResultColumnList@464c4975

	[0]:	
	com.akiban.sql.parser.ResultColumn@3a6ac461
	exposedName: a
	name: a
	tableName: null
	isDefaultColumn: false
	type: null
	reference: 		
		com.akiban.sql.parser.ColumnReference@3782da3d
		columnName: a
		tableName: null
		type: null
	[1]:	
	com.akiban.sql.parser.ResultColumn@6fc5f743
	exposedName: b
	name: b
	tableName: null
	isDefaultColumn: false
	type: null
	reference: 		
		com.akiban.sql.parser.ColumnReference@2dec8909
		columnName: b
		tableName: null
		type: null
	[2]:	
	com.akiban.sql.parser.ResultColumn@418c56d
	exposedName: c
	name: c
	tableName: null
	isDefaultColumn: false
	type: null
	reference: 		
		com.akiban.sql.parser.ColumnReference@76497934
		columnName: c
		tableName: null
		type: null