com.akiban.sql.parser.RenameNode@2e530cf2
statementType: RENAME INDEX
oldIndexName:
index1
newIndexName: 
index2