com.akiban.sql.parser.CursorNode@220ca470
name: null
updateMode: UNSPECIFIED
statementType: SELECT
resultSet: 	
	com.akiban.sql.parser.SelectNode@6bffc686
	isDistinct: false
	resultColumns: 		
		com.akiban.sql.parser.ResultColumnList@6542bece

		[0]:		
		com.akiban.sql.parser.ResultColumn@fcfa52
		exposedName: X
		name: X
		tableName: null
		isDefaultColumn: false
		type: null
		expression: 			
			com.akiban.sql.parser.ColumnReference@60961dff
			columnName: X
			tableName: null
			type: null
		[1]:		
		com.akiban.sql.parser.ResultColumn@1f8b81e3
		exposedName: Y
		name: Y
		tableName: null
		isDefaultColumn: false
		type: null
		expression: 			
			com.akiban.sql.parser.ColumnReference@7ffc6e42
			columnName: Y
			tableName: null
			type: null
	fromList: 		
		com.akiban.sql.parser.FromList@15aaf0b3

		[0]:		
		com.akiban.sql.parser.FromBaseTable@9a082e2
		tableName: T
		updateOrDelete: null
		null
		correlation Name: null
		null
	whereClause: 		
		com.akiban.sql.parser.SubqueryNode@8f0c85e
		subqueryType: IN
		type: null
		resultSet: 			
			com.akiban.sql.parser.SelectNode@77f297e7
			isDistinct: false
			resultColumns: 				
				com.akiban.sql.parser.ResultColumnList@57d2fc36

				[0]:				
				com.akiban.sql.parser.ResultColumn@5cac6a45
				exposedName: Z
				name: Z
				tableName: null
				isDefaultColumn: false
				type: null
				expression: 					
					com.akiban.sql.parser.ColumnReference@3b75078b
					columnName: Z
					tableName: null
					type: null
			fromList: 				
				com.akiban.sql.parser.FromList@42552c

				[0]:				
				com.akiban.sql.parser.FromBaseTable@2e5bbd6
				tableName: W
				updateOrDelete: null
				null
				correlation Name: null
				null
			whereClause: 				
				com.akiban.sql.parser.BinaryRelationalOperatorNode@388ee016
				operator: >
				methodName: greaterThan
				type: null
				leftOperand: 					
					com.akiban.sql.parser.ColumnReference@2c19e15c
					columnName: Q
					tableName: null
					type: null
				rightOperand: 					
					com.akiban.sql.parser.NumericConstantNode@571a75a2
					value: 10
					type: INTEGER NOT NULL
		leftOperand: 			
			com.akiban.sql.parser.ColumnReference@a210b5b
			columnName: Z
			tableName: null
			type: null
