com.akiban.sql.parser.CursorNode@47d978ea
name: null
updateMode: UNSPECIFIED
statementType: SELECT
resultSet: 	
	com.akiban.sql.parser.SelectNode@16916f80
	isDistinct: false
	resultColumns: 		
		com.akiban.sql.parser.ResultColumnList@262f4813

		[0]:		
		com.akiban.sql.parser.AllResultColumn@6a24eafa
		tableName: null
		exposedName: null
		name: null
		tableName: null
		isDefaultColumn: false
		type: null
	fromList: 		
		com.akiban.sql.parser.FromList@1dbef987

		[0]:		
		com.akiban.sql.parser.FromBaseTable@64f01d52
		tableName: T1
		updateOrDelete: null
		null
		correlation Name: null
		null
offset: 	
	com.akiban.sql.parser.NumericConstantNode@50152643
	value: 1
	type: INTEGER NOT NULL
fetchFirst: 	
	com.akiban.sql.parser.NumericConstantNode@1c8321c8
	value: 2
	type: INTEGER NOT NULL