com.akiban.sql.parser.CursorNode@7f70888e
name: null
updateMode: UNSPECIFIED
statementType: SELECT
resultSet: 	
	com.akiban.sql.parser.SelectNode@351563ff
	isDistinct: false
	resultColumns: 		
		com.akiban.sql.parser.ResultColumnList@f581593

		[0]:		
		com.akiban.sql.parser.AllResultColumn@5ff06dc3
		tableName: null
		exposedName: null
		name: null
		tableName: null
		isDefaultColumn: false
		type: null
	fromList: 		
		com.akiban.sql.parser.FromList@21b64e6a

		[0]:		
		com.akiban.sql.parser.FromSubquery@47d62270
		correlation Name: S
		S
		subquery: 			
			com.akiban.sql.parser.SelectNode@3b6f0be8
			isDistinct: false
			resultColumns: 				
				com.akiban.sql.parser.ResultColumnList@7776cad3

				[0]:				
				com.akiban.sql.parser.ResultColumn@17fe1feb
				exposedName: Z
				name: Z
				tableName: null
				isDefaultColumn: false
				type: null
				expression: 					
					com.akiban.sql.parser.ColumnReference@2ce1899b
					columnName: Z
					tableName: null
					type: null
				[1]:				
				com.akiban.sql.parser.ResultColumn@b113622
				exposedName: Y
				name: Y
				tableName: null
				isDefaultColumn: false
				type: null
				expression: 					
					com.akiban.sql.parser.ColumnReference@16f8f7db
					columnName: Y
					tableName: null
					type: null
			fromList: 				
				com.akiban.sql.parser.FromList@335856a5

				[0]:				
				com.akiban.sql.parser.FromBaseTable@6ca084f8
				tableName: T1
				updateOrDelete: null
				null
				correlation Name: null
				null
