com.akiban.sql.parser.CursorNode@5f70bea5
name: null
updateMode: UNSPECIFIED
statementType: SELECT
resultSet: 	
	com.akiban.sql.parser.SelectNode@62f47396
	isDistinct: false
	resultColumns: 		
		com.akiban.sql.parser.ResultColumnList@1ed0af9b

		[0]:		
		com.akiban.sql.parser.ResultColumn@16b8f8eb
		exposedName: X
		name: X
		tableName: null
		isDefaultColumn: false
		type: null
		expression: 			
			com.akiban.sql.parser.ColumnReference@49de17f4
			columnName: X
			tableName: null
			type: null
		[1]:		
		com.akiban.sql.parser.ResultColumn@13f6ba0f
		exposedName: Y
		name: Y
		tableName: null
		isDefaultColumn: false
		type: null
		expression: 			
			com.akiban.sql.parser.ColumnReference@2b313906
			columnName: Y
			tableName: null
			type: null
	fromList: 		
		com.akiban.sql.parser.FromList@2c96cf11

		[0]:		
		com.akiban.sql.parser.FromBaseTable@60f47bf5
		tableName: T
		updateOrDelete: null
		null
		correlation Name: null
		null
	whereClause: 		
		com.akiban.sql.parser.AndNode@52f6438d
		operator: and
		methodName: and
		type: null
		leftOperand: 			
			com.akiban.sql.parser.BinaryRelationalOperatorNode@25cd0888
			operator: >
			methodName: greaterThan
			type: null
			leftOperand: 				
				com.akiban.sql.parser.ColumnReference@37eb2c1b
				columnName: Z
				tableName: null
				type: null
			rightOperand: 				
				com.akiban.sql.parser.NumericConstantNode@309cbd4b
				value: 3.14
				type: DECIMAL(3,2) NOT NULL
		rightOperand: 			
			com.akiban.sql.parser.NotNode@24f9fdc
			operator: not
			methodName: not
			type: null
			operand: 				
				com.akiban.sql.parser.IsNullNode@398825b3
				operator: is null
				methodName: isNullOp
				type: null
				operand: 					
					com.akiban.sql.parser.ColumnReference@19632847
					columnName: W
					tableName: null
					type: null
