com.akiban.sql.parser.UpdateNode@7e78fc6
T
statementType: UPDATE
resultSet: 	
	com.akiban.sql.parser.SelectNode@73901437
	isDistinct: false
	resultColumns: 		
		com.akiban.sql.parser.ResultColumnList@781f6226

		[0]:		
		com.akiban.sql.parser.ResultColumn@5464ea66
		exposedName: F
		name: F
		tableName: null
		isDefaultColumn: false
		type: null
		expression: 			
			com.akiban.sql.parser.BinaryArithmeticOperatorNode@2d58f9d3
			operator: +
			methodName: plus
			type: null
			leftOperand: 				
				com.akiban.sql.parser.ColumnReference@2c79a2e7
				columnName: F
				tableName: null
				type: null
			rightOperand: 				
				com.akiban.sql.parser.NumericConstantNode@65b60280
				value: 1
				type: INTEGER NOT NULL
		reference: 			
			com.akiban.sql.parser.ColumnReference@105e55ab
			columnName: F
			tableName: null
			type: null
		[1]:		
		com.akiban.sql.parser.ResultColumn@214a55f2
		exposedName: G
		name: G
		tableName: null
		isDefaultColumn: false
		type: null
		expression: 			
			com.akiban.sql.parser.NumericConstantNode@175093f1
			value: 2
			type: INTEGER NOT NULL
		reference: 			
			com.akiban.sql.parser.ColumnReference@2b20bf2c
			columnName: G
			tableName: null
			type: null
	fromList: 		
		com.akiban.sql.parser.FromList@72e6f7d2

		[0]:		
		com.akiban.sql.parser.FromBaseTable@199836ed
		tableName: T
		updateOrDelete: UPDATE
		null
		correlation Name: null
		null
	whereClause: 		
		com.akiban.sql.parser.BinaryRelationalOperatorNode@583e0ebb
		operator: >
		methodName: greaterThan
		type: null
		leftOperand: 			
			com.akiban.sql.parser.ColumnReference@5239443f
			columnName: X
			tableName: null
			type: null
		rightOperand: 			
			com.akiban.sql.parser.NumericConstantNode@2dafae45
			value: 10
			type: INTEGER NOT NULL
targetTableName: 	
	com.akiban.sql.parser.TableName@54
	T