CREATE PROCEDURE test.foo_bar(IN x INTEGER, OUT y DOUBLE) LANGUAGE java PARAMETER STYLE java EXTERNAL NAME 'com.akiban.ProcTest.fooBar(int,double[])'