SELECT * FROM T WHERE (A = true) AND ((B = true) AND ((C = true) AND ((D = false) AND true)))