[0]: CREATE GROUP G1;
[1]: TRUNCATE GROUP G1;
[2]: DROP GROUP G1;